#-----------------------------------------------------------
# Vivado v2018.3 (64-bit)
# SW Build 2405991 on Thu Dec  6 23:38:27 MST 2018
# IP Build 2404404 on Fri Dec  7 01:43:56 MST 2018
# Start of session at: Fri Jul 31 14:32:17 2020
# Process ID: 6980
# Current directory: C:/Users/Administrator/Desktop/FPGA/SparkCameraPlus/project/beta/sparkcamplus
# Command line: vivado.exe -gui_launcher_event rodinguilauncherevent3920 C:\Users\Administrator\Desktop\FPGA\SparkCameraPlus\project\beta\sparkcamplus\spartan_cam.xpr
# Log file: C:/Users/Administrator/Desktop/FPGA/SparkCameraPlus/project/beta/sparkcamplus/vivado.log
# Journal file: C:/Users/Administrator/Desktop/FPGA/SparkCameraPlus/project/beta/sparkcamplus\vivado.jou
#-----------------------------------------------------------
start_gui
open_project C:/Users/Administrator/Desktop/FPGA/SparkCameraPlus/project/beta/sparkcamplus/spartan_cam.xpr
update_compile_order -fileset sources_1
open_hw
connect_hw_server
disconnect_hw_server localhost:3121
connect_hw_server
disconnect_hw_server localhost:3121
connect_hw_server
disconnect_hw_server localhost:3121
connect_hw_server
open_hw_target
set_property PROGRAM.FILE {C:/Users/Administrator/Desktop/FPGA/SparkCameraPlus/project/beta/sparkcamplus/spartan_cam.runs/impl_1/system_wrapper.bit} [get_hw_devices xc7s15_0]
current_hw_device [get_hw_devices xc7s15_0]
refresh_hw_device -update_hw_probes false [lindex [get_hw_devices xc7s15_0] 0]
set_property PROBES.FILE {} [get_hw_devices xc7s15_0]
set_property FULL_PROBES.FILE {} [get_hw_devices xc7s15_0]
set_property PROGRAM.FILE {C:/Users/Administrator/Desktop/FPGA/SparkCameraPlus/project/beta/sparkcamplus/spartan_cam.runs/impl_1/system_wrapper.bit} [get_hw_devices xc7s15_0]
program_hw_devices [get_hw_devices xc7s15_0]
refresh_hw_device [lindex [get_hw_devices xc7s15_0] 0]
set_property PROBES.FILE {} [get_hw_devices xc7s15_0]
set_property FULL_PROBES.FILE {} [get_hw_devices xc7s15_0]
set_property PROGRAM.FILE {C:/Users/Administrator/Desktop/FPGA/SparkCameraPlus/project/beta/sparkcamplus/spartan_cam.runs/impl_1/system_wrapper.bit} [get_hw_devices xc7s15_0]
program_hw_devices [get_hw_devices xc7s15_0]
refresh_hw_device [lindex [get_hw_devices xc7s15_0] 0]
